src/lib/mock/commissionRules.ts(3,36): error TS2749: 'CommissionForm' refers to a value, but is being used as a type here. Did you mean 'typeof CommissionForm'?
